// Jest Snapshot v1, https://goo.gl/fbAQLP

exports[`InputNumber demo renders basic demo correctly 1`] = `<div class="vs-input-group vs-input-number" style="width: 160px;"><input type="text" placeholder="" autocomplete="off" step="1" class="vs-input"><span class="vs-input-number-btn-group-vertical"><button type="button" class="vs-btn vs-btn-subtle vs-input-number-touchspin-up"><i class="vs-icon vs-icon-arrow-up-line"></i><span class="vs-ripple-pond"><span class="vs-ripple" style="display: none;" enteractiveclass="vs-ripple-rippling"></span></span></button><button type="button" class="vs-btn vs-btn-subtle vs-input-number-touchspin-down"><i class="vs-icon vs-icon-arrow-down-line"></i><span class="vs-ripple-pond"><span class="vs-ripple" style="display: none;" enteractiveclass="vs-ripple-rippling"></span></span></button></span></div>`;

exports[`InputNumber demo renders control demo correctly 1`] = `
<div style="width: 160px;">
  <div class="vs-input-group vs-input-number"><input type="text" placeholder="" autocomplete="off" step="0.01" class="vs-input"><span class="vs-input-number-btn-group-vertical"><button type="button" class="vs-btn vs-btn-subtle vs-input-number-touchspin-up"><i class="vs-icon vs-icon-arrow-up-line"></i><span class="vs-ripple-pond"><span class="vs-ripple" style="display: none;" enteractiveclass="vs-ripple-rippling"></span></span></button><button type="button" class="vs-btn vs-btn-subtle vs-input-number-touchspin-down"><i class="vs-icon vs-icon-arrow-down-line"></i><span class="vs-ripple-pond"><span class="vs-ripple" style="display: none;" enteractiveclass="vs-ripple-rippling"></span></span></button></span></div>
  <hr>
  <div class="vs-input-group vs-input-number"><input type="text" placeholder="" autocomplete="off" step="0.01" class="vs-input"><span class="vs-input-number-btn-group-vertical"><button type="button" class="vs-btn vs-btn-subtle vs-input-number-touchspin-up"><i class="vs-icon vs-icon-arrow-up-line"></i><span class="vs-ripple-pond"><span class="vs-ripple" style="display: none;" enteractiveclass="vs-ripple-rippling"></span></span></button><button type="button" class="vs-btn vs-btn-subtle vs-input-number-touchspin-down"><i class="vs-icon vs-icon-arrow-down-line"></i><span class="vs-ripple-pond"><span class="vs-ripple" style="display: none;" enteractiveclass="vs-ripple-rippling"></span></span></button></span></div>
</div>
`;

exports[`InputNumber demo renders decimals demo correctly 1`] = `
<div style="width: 160px;">
  <div class="vs-input-group vs-input-number"><input type="text" placeholder="" autocomplete="off" step="0.01" class="vs-input"><span class="vs-input-number-btn-group-vertical"><button type="button" class="vs-btn vs-btn-subtle vs-input-number-touchspin-up"><i class="vs-icon vs-icon-arrow-up-line"></i><span class="vs-ripple-pond"><span class="vs-ripple" style="display: none;" enteractiveclass="vs-ripple-rippling"></span></span></button><button type="button" class="vs-btn vs-btn-subtle vs-input-number-touchspin-down"><i class="vs-icon vs-icon-arrow-down-line"></i><span class="vs-ripple-pond"><span class="vs-ripple" style="display: none;" enteractiveclass="vs-ripple-rippling"></span></span></button></span></div>
</div>
`;

exports[`InputNumber demo renders disabled demo correctly 1`] = `
<div style="width: 160px;">
  <div class="vs-input-group vs-input-group-disabled vs-input-number"><input type="text" disabled="disabled" placeholder="" autocomplete="off" step="1" class="vs-input"><span disabled="disabled" class="vs-input-number-btn-group-vertical"><button disabled="disabled" type="button" class="vs-btn vs-btn-subtle vs-btn-disabled vs-input-number-touchspin-up"><i class="vs-icon vs-icon-arrow-up-line"></i><span class="vs-ripple-pond"><span class="vs-ripple" style="display: none;" enteractiveclass="vs-ripple-rippling"></span></span></button><button disabled="disabled" type="button" class="vs-btn vs-btn-subtle vs-btn-disabled vs-input-number-touchspin-down"><i class="vs-icon vs-icon-arrow-down-line"></i><span class="vs-ripple-pond"><span class="vs-ripple" style="display: none;" enteractiveclass="vs-ripple-rippling"></span></span></button></span></div>
</div>
`;

exports[`InputNumber demo renders fix demo correctly 1`] = `
<div style="width: 160px;">
  <div class="vs-input-group vs-input-number"><span class="vs-input-group-addon">$</span><input type="text" placeholder="" autocomplete="off" step="1" class="vs-input"><span class="vs-input-number-btn-group-vertical"><button type="button" class="vs-btn vs-btn-subtle vs-input-number-touchspin-up"><i class="vs-icon vs-icon-arrow-up-line"></i><span class="vs-ripple-pond"><span class="vs-ripple" style="display: none;" enteractiveclass="vs-ripple-rippling"></span></span></button><button type="button" class="vs-btn vs-btn-subtle vs-input-number-touchspin-down"><i class="vs-icon vs-icon-arrow-down-line"></i><span class="vs-ripple-pond"><span class="vs-ripple" style="display: none;" enteractiveclass="vs-ripple-rippling"></span></span></button></span></div>
  <hr>
  <div class="vs-input-group vs-input-number"><input type="text" placeholder="" autocomplete="off" step="1" class="vs-input"><span class="vs-input-number-btn-group-vertical"><button type="button" class="vs-btn vs-btn-subtle vs-input-number-touchspin-up"><i class="vs-icon vs-icon-arrow-up-line"></i><span class="vs-ripple-pond"><span class="vs-ripple" style="display: none;" enteractiveclass="vs-ripple-rippling"></span></span></button><button type="button" class="vs-btn vs-btn-subtle vs-input-number-touchspin-down"><i class="vs-icon vs-icon-arrow-down-line"></i><span class="vs-ripple-pond"><span class="vs-ripple" style="display: none;" enteractiveclass="vs-ripple-rippling"></span></span></button></span><span class="vs-input-group-addon">ï¿¥</span></div>
  <hr>
  <div class="vs-input-group vs-input-number"><input type="text" placeholder="" autocomplete="off" step="1" class="vs-input"><span class="vs-input-number-btn-group-vertical"><button type="button" class="vs-btn vs-btn-subtle vs-input-number-touchspin-up"><i class="vs-icon vs-icon-arrow-up-line"></i><span class="vs-ripple-pond"><span class="vs-ripple" style="display: none;" enteractiveclass="vs-ripple-rippling"></span></span></button><button type="button" class="vs-btn vs-btn-subtle vs-input-number-touchspin-down"><i class="vs-icon vs-icon-arrow-down-line"></i><span class="vs-ripple-pond"><span class="vs-ripple" style="display: none;" enteractiveclass="vs-ripple-rippling"></span></span></button></span><span class="vs-input-group-addon">%</span></div>
</div>
`;

exports[`InputNumber demo renders initial demo correctly 1`] = `<div class="vs-input-group vs-input-number" style="width: 160px;"><input type="text" placeholder="" autocomplete="off" step="1" class="vs-input"><span class="vs-input-number-btn-group-vertical"><button type="button" class="vs-btn vs-btn-subtle vs-input-number-touchspin-up"><i class="vs-icon vs-icon-arrow-up-line"></i><span class="vs-ripple-pond"><span class="vs-ripple" style="display: none;" enteractiveclass="vs-ripple-rippling"></span></span></button><button type="button" class="vs-btn vs-btn-subtle vs-input-number-touchspin-down"><i class="vs-icon vs-icon-arrow-down-line"></i><span class="vs-ripple-pond"><span class="vs-ripple" style="display: none;" enteractiveclass="vs-ripple-rippling"></span></span></button></span></div>`;

exports[`InputNumber demo renders max-min demo correctly 1`] = `
<div style="width: 160px;">
  <div class="vs-input-group vs-input-number"><input type="text" placeholder="" autocomplete="off" step="1" class="vs-input"><span class="vs-input-number-btn-group-vertical"><button type="button" class="vs-btn vs-btn-subtle vs-input-number-touchspin-up"><i class="vs-icon vs-icon-arrow-up-line"></i><span class="vs-ripple-pond"><span class="vs-ripple" style="display: none;" enteractiveclass="vs-ripple-rippling"></span></span></button><button disabled="disabled" type="button" class="vs-btn vs-btn-subtle vs-btn-disabled vs-input-number-touchspin-down"><i class="vs-icon vs-icon-arrow-down-line"></i><span class="vs-ripple-pond"><span class="vs-ripple" style="display: none;" enteractiveclass="vs-ripple-rippling"></span></span></button></span></div>
</div>
`;

exports[`InputNumber demo renders placeholder demo correctly 1`] = `<div class="vs-input-group vs-input-number" placeholder="Price" style="width: 160px;"><input type="text" placeholder="Price" autocomplete="off" step="1" class="vs-input"><span class="vs-input-number-btn-group-vertical"><button type="button" class="vs-btn vs-btn-subtle vs-input-number-touchspin-up"><i class="vs-icon vs-icon-arrow-up-line"></i><span class="vs-ripple-pond"><span class="vs-ripple" style="display: none;" enteractiveclass="vs-ripple-rippling"></span></span></button><button type="button" class="vs-btn vs-btn-subtle vs-input-number-touchspin-down"><i class="vs-icon vs-icon-arrow-down-line"></i><span class="vs-ripple-pond"><span class="vs-ripple" style="display: none;" enteractiveclass="vs-ripple-rippling"></span></span></button></span></div>`;

exports[`InputNumber demo renders size demo correctly 1`] = `
<div style="width: 160px;">
  <div class="vs-input-group vs-input-group-lg vs-input-number" placeholder="Large" style="margin-bottom: 10px;"><input type="text" placeholder="Large" autocomplete="off" step="1" class="vs-input"><span class="vs-input-number-btn-group-vertical"><button type="button" class="vs-btn vs-btn-subtle vs-input-number-touchspin-up"><i class="vs-icon vs-icon-arrow-up-line"></i><span class="vs-ripple-pond"><span class="vs-ripple" style="display: none;" enteractiveclass="vs-ripple-rippling"></span></span></button><button type="button" class="vs-btn vs-btn-subtle vs-input-number-touchspin-down"><i class="vs-icon vs-icon-arrow-down-line"></i><span class="vs-ripple-pond"><span class="vs-ripple" style="display: none;" enteractiveclass="vs-ripple-rippling"></span></span></button></span></div>
  <div class="vs-input-group vs-input-group-md vs-input-number" placeholder="Medium" style="margin-bottom: 10px;"><input type="text" placeholder="Medium" autocomplete="off" step="1" class="vs-input"><span class="vs-input-number-btn-group-vertical"><button type="button" class="vs-btn vs-btn-subtle vs-input-number-touchspin-up"><i class="vs-icon vs-icon-arrow-up-line"></i><span class="vs-ripple-pond"><span class="vs-ripple" style="display: none;" enteractiveclass="vs-ripple-rippling"></span></span></button><button type="button" class="vs-btn vs-btn-subtle vs-input-number-touchspin-down"><i class="vs-icon vs-icon-arrow-down-line"></i><span class="vs-ripple-pond"><span class="vs-ripple" style="display: none;" enteractiveclass="vs-ripple-rippling"></span></span></button></span></div>
  <div class="vs-input-group vs-input-group-sm vs-input-number" placeholder="Small" style="margin-bottom: 10px;"><input type="text" placeholder="Small" autocomplete="off" step="1" class="vs-input"><span class="vs-input-number-btn-group-vertical"><button type="button" class="vs-btn vs-btn-subtle vs-input-number-touchspin-up"><i class="vs-icon vs-icon-arrow-up-line"></i><span class="vs-ripple-pond"><span class="vs-ripple" style="display: none;" enteractiveclass="vs-ripple-rippling"></span></span></button><button type="button" class="vs-btn vs-btn-subtle vs-input-number-touchspin-down"><i class="vs-icon vs-icon-arrow-down-line"></i><span class="vs-ripple-pond"><span class="vs-ripple" style="display: none;" enteractiveclass="vs-ripple-rippling"></span></span></button></span></div>
  <div class="vs-input-group vs-input-group-xs vs-input-number" placeholder="XSmall" style="margin-bottom: 10px;"><input type="text" placeholder="XSmall" autocomplete="off" step="1" class="vs-input"><span class="vs-input-number-btn-group-vertical"><button type="button" class="vs-btn vs-btn-subtle vs-input-number-touchspin-up"><i class="vs-icon vs-icon-arrow-up-line"></i><span class="vs-ripple-pond"><span class="vs-ripple" style="display: none;" enteractiveclass="vs-ripple-rippling"></span></span></button><button type="button" class="vs-btn vs-btn-subtle vs-input-number-touchspin-down"><i class="vs-icon vs-icon-arrow-down-line"></i><span class="vs-ripple-pond"><span class="vs-ripple" style="display: none;" enteractiveclass="vs-ripple-rippling"></span></span></button></span></div>
</div>
`;

exports[`InputNumber demo renders step demo correctly 1`] = `
<div style="width: 160px;">
  <div class="vs-input-group vs-input-number"><input type="text" placeholder="" autocomplete="off" step="10" class="vs-input"><span class="vs-input-number-btn-group-vertical"><button type="button" class="vs-btn vs-btn-subtle vs-input-number-touchspin-up"><i class="vs-icon vs-icon-arrow-up-line"></i><span class="vs-ripple-pond"><span class="vs-ripple" style="display: none;" enteractiveclass="vs-ripple-rippling"></span></span></button><button type="button" class="vs-btn vs-btn-subtle vs-input-number-touchspin-down"><i class="vs-icon vs-icon-arrow-down-line"></i><span class="vs-ripple-pond"><span class="vs-ripple" style="display: none;" enteractiveclass="vs-ripple-rippling"></span></span></button></span></div>
</div>
`;
