// Jest Snapshot v1, https://goo.gl/fbAQLP

exports[`Button component renders correctly 1`] = `<button type="button" class="vs-btn vs-btn-default">Default<span class="vs-ripple-pond"><span class="vs-ripple" style="display: none;" enteractiveclass="vs-ripple-rippling"></span></span></button>`;
