// Jest Snapshot v1, https://goo.gl/fbAQLP

exports[`Alert demo renders basic demo correctly 1`] = `<button type="button" class="vs-btn vs-btn-default"> Default <span class="vs-ripple-pond"><span class="vs-ripple" style="display: none;" enteractiveclass="vs-ripple-rippling"></span></span></button>`;

exports[`Alert demo renders closable demo correctly 1`] = `<div role="toolbar" class="vs-btn-toolbar"><button type="button" class="vs-btn vs-btn-default"> Default <span class="vs-ripple-pond"><span class="vs-ripple" style="display: none;" enteractiveclass="vs-ripple-rippling"></span></span></button> <button type="button" class="vs-btn vs-btn-default"> Info <span class="vs-ripple-pond"><span class="vs-ripple" style="display: none;" enteractiveclass="vs-ripple-rippling"></span></span></button> <button type="button" class="vs-btn vs-btn-default"> Success <span class="vs-ripple-pond"><span class="vs-ripple" style="display: none;" enteractiveclass="vs-ripple-rippling"></span></span></button> <button type="button" class="vs-btn vs-btn-default"> Warning <span class="vs-ripple-pond"><span class="vs-ripple" style="display: none;" enteractiveclass="vs-ripple-rippling"></span></span></button> <button type="button" class="vs-btn vs-btn-default"> Error <span class="vs-ripple-pond"><span class="vs-ripple" style="display: none;" enteractiveclass="vs-ripple-rippling"></span></span></button></div>`;

exports[`Alert demo renders custom demo correctly 1`] = `<div role="toolbar" class="vs-btn-toolbar"><button type="button" class="vs-btn vs-btn-default">custom alert<span class="vs-ripple-pond"><span class="vs-ripple" style="display: none;" enteractiveclass="vs-ripple-rippling"></span></span></button></div>`;

exports[`Alert demo renders duration demo correctly 1`] = `<div role="toolbar" class="vs-btn-toolbar"><button type="button" class="vs-btn vs-btn-default">duration 10s<span class="vs-ripple-pond"><span class="vs-ripple" style="display: none;" enteractiveclass="vs-ripple-rippling"></span></span></button> <button type="button" class="vs-btn vs-btn-default">no limit<span class="vs-ripple-pond"><span class="vs-ripple" style="display: none;" enteractiveclass="vs-ripple-rippling"></span></span></button></div>`;

exports[`Alert demo renders loading demo correctly 1`] = `<div role="toolbar" class="vs-btn-toolbar"><button type="button" class="vs-btn vs-btn-default">show loading<span class="vs-ripple-pond"><span class="vs-ripple" style="display: none;" enteractiveclass="vs-ripple-rippling"></span></span></button></div>`;

exports[`Alert demo renders placement demo correctly 1`] = `<div role="toolbar" class="vs-btn-toolbar"><button type="button" class="vs-btn vs-btn-default">top<span class="vs-ripple-pond"><span class="vs-ripple" style="display: none;" enteractiveclass="vs-ripple-rippling"></span></span></button> <button type="button" class="vs-btn vs-btn-default">bottom<span class="vs-ripple-pond"><span class="vs-ripple" style="display: none;" enteractiveclass="vs-ripple-rippling"></span></span></button></div>`;

exports[`Alert demo renders position demo correctly 1`] = `
<div role="toolbar" class="vs-btn-toolbar"><button type="button" class="vs-btn vs-btn-default">
    top = 20px
    <span class="vs-ripple-pond"><span class="vs-ripple" style="display: none;" enteractiveclass="vs-ripple-rippling"></span></span></button> <button type="button" class="vs-btn vs-btn-default">
    bottom = 20px
    <span class="vs-ripple-pond"><span class="vs-ripple" style="display: none;" enteractiveclass="vs-ripple-rippling"></span></span></button></div>
`;

exports[`Alert demo renders type demo correctly 1`] = `<div role="toolbar" class="vs-btn-toolbar"><button type="button" class="vs-btn vs-btn-default"> Info <span class="vs-ripple-pond"><span class="vs-ripple" style="display: none;" enteractiveclass="vs-ripple-rippling"></span></span></button> <button type="button" class="vs-btn vs-btn-default"> Success <span class="vs-ripple-pond"><span class="vs-ripple" style="display: none;" enteractiveclass="vs-ripple-rippling"></span></span></button> <button type="button" class="vs-btn vs-btn-default"> Warning <span class="vs-ripple-pond"><span class="vs-ripple" style="display: none;" enteractiveclass="vs-ripple-rippling"></span></span></button> <button type="button" class="vs-btn vs-btn-default"> Error <span class="vs-ripple-pond"><span class="vs-ripple" style="display: none;" enteractiveclass="vs-ripple-rippling"></span></span></button></div>`;
