// Jest Snapshot v1, https://goo.gl/fbAQLP

exports[`Button component renders correctly 1`] = `<span class="vs-icon-stack vs-icon-stack-size-lg"><i class="vs-icon vs-icon-square vs-icon-stack-2x"></i><i class="vs-icon vs-icon-terminal vs-icon-inverse vs-icon-stack-1x"></i></span>`;
