// Jest Snapshot v1, https://goo.gl/fbAQLP

exports[`Button component renders correctly 1`] = `<i class="vs-icon vs-icon-star"></i>`;
